// Jest Snapshot v1, https://goo.gl/fbAQLP

exports[`SearchModule renders correctly 1`] = `
<form
  className="wrapper"
/>
`;
