// Jest Snapshot v1, https://goo.gl/fbAQLP

exports[`Logo renders correctly 1`] = `
<div
  className="wrapper"
>
  <h1
    className="logoText"
  >
    find it
    <div
      className="logoMark"
    >
      !
    </div>
  </h1>
  <div
    className="under"
  />
</div>
`;
