// Jest Snapshot v1, https://goo.gl/fbAQLP

exports[`NavLink renders correctly 1`] = `
<div
  className="wrapper"
>
  <Link
    className="link"
    to="/about us"
  >
    about us
  </Link>
</div>
`;
